******************************************************************************
            TI ARM Clang Linker PC v4.0.4                      
******************************************************************************
>> Linked Thu Apr 16 17:34:55 2026

OUTPUT FILE NAME:   <ECE319K_Lab9H.out>
ENTRY POINT SYMBOL: "_c_int00_noargs"  address: 00001f8d


MEMORY CONFIGURATION

         name            origin    length      used     unused   attr    fill
----------------------  --------  ---------  --------  --------  ----  --------
  FLASH                 00000000   00020000  00002a98  0001d568  R  X
  SRAM                  20200000   00008000  000007d4  0000782c  RW X
  BCR_CONFIG            41c00000   00000080  00000000  00000080  R   
  BSL_CONFIG            41c00100   00000080  00000000  00000080  R   


SEGMENT ALLOCATION MAP

run origin  load origin   length   init length attrs members
----------  ----------- ---------- ----------- ----- -------
00000000    00000000    00002a98   00002a98    r-x
  00000000    00000000    000000c0   000000c0    r-- .intvecs
  000000c0    000000c0    000020d0   000020d0    r-x .text
  00002190    00002190    00000870   00000870    r-- .rodata
  00002a00    00002a00    00000008   00000008    r-- .init_array
  00002a08    00002a08    00000090   00000090    r-- .cinit
20200000    20200000    000005d7   00000000    rw-
  20200000    20200000    00000200   00000000    rw- .sysmem
  20200200    20200200    000001fd   00000000    rw- .data
  20200400    20200400    000001d7   00000000    rw- .bss
20207e00    20207e00    00000200   00000000    rw-
  20207e00    20207e00    00000200   00000000    rw- .stack


SECTION ALLOCATION MAP

 output                                  attributes/
section   page    origin      length       input sections
--------  ----  ----------  ----------   ----------------
.intvecs   0    00000000    000000c0     
                  00000000    000000c0     startup_mspm0g3507_ticlang.o (.intvecs)

.binit     0    00000000    00000000     

.text      0    000000c0    000020d0     
                  000000c0    00000210     ST7735.o (.text._Z17ST7735_DrawBitmapssPKtss)
                  000002d0    000001b4     Clock.o (.text._Z15Clock_Init80MHzi)
                  00000484    000001a0     ST7735.o (.text._Z16ST7735_DrawCharSsscssh)
                  00000624    00000180     SmallFont.o (.text._Z21SmallFont_OutVerticaljss)
                  000007a4    00000154     libc.a : fopen.c.obj (.text._openfile)
                  000008f8    00000118     ST7735.o (.text._Z15ST7735_FillRectsssst)
                  00000a10    00000114     libc.a : memory.c.obj (.text.aligned_alloc)
                  00000b24    000000f8     SPI.o (.text._Z8SPI_Initv)
                  00000c1c    000000ec     libsysbm.a : add_device.c.obj (.text.add_device)
                  00000d08    000000e8     libc.a : memory.c.obj (.text.free)
                  00000df0    000000e0            : setvbuf.c.obj (.text.setvbuf)
                  00000ed0    000000d0     ST7735.o (.text._Z14ST7735_OutCharc)
                  00000fa0    000000a2     ST7735.o (.text._ZL11commandListPKh)
                  00001042    00000002     Sound.o (.text.SysTick_Handler)
                  00001044    000000a0     ST7735.o (.text._Z17ST7735_InitPrintf10initRFlags)
                  000010e4    000000a0     libsysbm.a : open.c.obj (.text.open)
                  00001184    00000098     ST7735.o (.text._Z12ST7735_InitR10initRFlags)
                  0000121c    00000088     ST7735.o (.text._ZL13setAddrWindowhhhh)
                  000012a4    0000000c     Clock.o (.text._Z10Clock_Freqv)
                  000012b0    00000088     libc.a : strcmp-armv6m.S.obj (.text:strcmp)
                  00001338    00000084     ST7735.o (.text._Z17ST7735_DrawStringttPcs)
                  000013bc    0000007c     LaunchPad.o (.text._Z14LaunchPad_Initv)
                  00001438    0000007c     SlidePot.o (.text._ZN8SlidePot4InitEv)
                  000014b4    0000007c     libc.a : fclose.c.obj (.text.__TI_closefile)
                  00001530    0000007c            : copy_decompress_lzss.c.obj (.text:decompress:lzss)
                  000015ac    00000074     Lab9HMain.o (.text.main)
                  00001620    00000070     ST7735.o (.text._Z16ST7735_DrawPixelsst)
                  00001690    0000006c     libsysbm.a : hostlseek.c.obj (.text.HOSTlseek)
                  000016fc    0000006c                : hostrename.c.obj (.text.HOSTrename)
                  00001768    0000006c     libc.a : getdevice.c.obj (.text.getdevice)
                  000017d4    00000064            : memory.c.obj (.text.split)
                  00001838    00000060     libsysbm.a : hostopen.c.obj (.text.HOSTopen)
                  00001898    00000058                : hostread.c.obj (.text.HOSTread)
                  000018f0    00000058                : hostwrite.c.obj (.text.HOSTwrite)
                  00001948    00000054     libc.a : autoinit.c.obj (.text:__TI_auto_init_nobinit)
                  0000199c    00000052            : fflush.c.obj (.text.__TI_doflush)
                  000019ee    00000002     libclang_rt.builtins.a : aeabi_div0.c.obj (.text.__aeabi_idiv0)
                  000019f0    00000050     libsysbm.a : close.c.obj (.text.close)
                  00001a40    00000048                : hostclose.c.obj (.text.HOSTclose)
                  00001a88    00000048                : hostunlink.c.obj (.text.HOSTunlink)
                  00001ad0    00000048     SPI.o (.text._Z14SPI_OutCommandc)
                  00001b18    00000040     TExaS.o (.text.TIMG7_IRQHandler)
                  00001b58    00000040     SPI.o (.text._Z9SPI_Resetv)
                  00001b98    00000040     libclang_rt.builtins.a : aeabi_uidivmod.S.obj (.text.__aeabi_uidivmod)
                  00001bd8    00000040     libc.a : fopen.c.obj (.text._search_fp)
                  00001c18    00000038     SPI.o (.text._Z11SPI_OutDatac)
                  00001c50    00000038     LaunchPad.o (.text._Z15ActivatePortA_Bv)
                  00001c88    00000034     ST7735.o (.text._Z12ST7735_writeiPKcj)
                  00001cbc    00000034     Clock.o (.text._Z14Clock_Delay1msj)
                  00001cf0    00000034     ST7735.o (.text._Z16ST7735_SetCursorjj)
                  00001d24    00000034     libc.a : fopen.c.obj (.text.__TI_cleanup)
                  00001d58    00000034     libsysbm.a : trgmsg.c.obj (.text.__TI_readmsg)
                  00001d8c    00000034                : trgmsg.c.obj (.text.__TI_writemsg)
                  00001dc0    00000034     libc.a : exit.c.obj (.text.exit)
                  00001df4    00000034            : getdevice.c.obj (.text.finddevice)
                  00001e28    00000034            : fopen.c.obj (.text.freopen)
                  00001e5c    00000030     ST7735.o (.text._ZL10commonInitPKh)
                  00001e8c    00000030     libc.a : fopen.c.obj (.text.fopen)
                  00001ebc    0000002c     ST7735.o (.text._Z17ST7735_FillScreent)
                  00001ee8    0000002c     libsysbm.a : unlink.c.obj (.text.unlink)
                  00001f14    00000028     Lab9HMain.o (.text.TIMG12_IRQHandler)
                  00001f3c    00000028     libc.a : memory.c.obj (.text.free_list_insert)
                  00001f64    00000028     libsysbm.a : write.c.obj (.text.write)
                  00001f8c    00000028     libc.a : boot_cortex_m.c.obj (.text:_c_int00_noargs)
                  00001fb4    00000020     SlidePot.o (.text._ZN8SlidePotC2Ejj)
                  00001fd4    0000001e     ST7735.o (.text._ZL9pushColort)
                  00001ff2    00000002     libc.a : _lock.c.obj (.text._nop)
                  00001ff4    0000001c     startup_mspm0g3507_ticlang.o (.text.Default_Handler)
                  00002010    0000001c     startup_mspm0g3507_ticlang.o (.text.HardFault_Handler)
                  0000202c    0000001c     libc.a : memory.c.obj (.text.free_list_remove)
                  00002048    00000018     Lab9HMain.o (.text.__cxx_global_var_init)
                  00002060    00000016     ST7735.o (.text._Z11ST7735_openPKcji)
                  00002076    00000016     ST7735.o (.text._Z11ST7735_readiPcj)
                  0000208c    00000016     libc.a : copy_zero_init.c.obj (.text:decompress:ZI:__TI_zero_init_nomemset)
                  000020a2    00000012            : memcpy16.S.obj (.text:TI_memcpy_small)
                  000020b4    00000012            : copy_decompress_none.c.obj (.text:decompress:none)
                  000020c6    00000010     Clock.o (.text._Z11Clock_Delayj)
                  000020d6    0000000e     libc.a : memory.c.obj (.text.OUTLINED_FUNCTION_0)
                  000020e4    0000000e     ST7735.o (.text._Z12ST7735_lseekili)
                  000020f2    0000000e     libsysbm.a : hostrename.c.obj (.text.strcpy)
                  00002100    0000000e                : hostrename.c.obj (.text.strlen)
                  0000210e    0000000e     libc.a : memset16.S.obj (.text:TI_memset_small)
                  0000211c    0000000c     ST7735.o (.text._Z13ST7735_renamePKcS0_)
                  00002128    0000000c     libclang_rt.builtins.a : aeabi_memset.S.obj (.text.__aeabi_memclr)
                  00002134    0000000c     libc.a : memory.c.obj (.text.malloc)
                  00002140    0000000a     ST7735.o (.text._Z12ST7735_closei)
                  0000214a    0000000a     ST7735.o (.text._Z13ST7735_unlinkPKc)
                  00002154    0000000a     Lab9HMain.o (.text._Z8PLL_Initv)
                  0000215e    00000008     Lab9HMain.o (.text._GLOBAL__sub_I_Lab9HMain.cpp)
                  00002166    00000002     --HOLE-- [fill = 0]
                  00002168    00000008     libclang_rt.builtins.a : aeabi_memcpy.S.obj (.text.__aeabi_memcpy)
                  00002170    00000008     libsysbm.a : remove.c.obj (.text.remove)
                  00002178    00000006     libc.a : exit.c.obj (.text:abort)
                  0000217e    00000004     libsysbm.a : hostexit.c.obj (.text.HOSTexit)
                  00002182    00000004     startup_mspm0g3507_ticlang.o (.text.Reset_Handler)
                  00002186    00000004     libc.a : pre_init.c.obj (.text._system_pre_init)
                  0000218a    00000006     --HOLE-- [fill = 0]

.cinit     0    00002a08    00000090     
                  00002a08    0000006a     (.cinit..data.load) [load image, compression = lzss]
                  00002a72    00000002     --HOLE-- [fill = 0]
                  00002a74    0000000c     (__TI_handler_table)
                  00002a80    00000008     (.cinit..bss.load) [load image, compression = zero_init]
                  00002a88    00000010     (__TI_cinit_table)

.rodata    0    00002190    00000870     
                  00002190    000004fb     ST7735.o (.rodata._ZL4Font)
                  0000268b    00000001     --HOLE-- [fill = 0]
                  0000268c    00000258     SmallFont.o (.rodata._ZL17SmallFontVertical)
                  000028e4    0000003c     SmallFont.o (.rodata._ZL6dblank)
                  00002920    0000003b     ST7735.o (.rodata._ZL5Rcmd1)
                  0000295b    0000002b     ST7735.o (.rodata._ZL5Rcmd3)
                  00002986    00000020     Lab9HMain.o (.rodata._ZL6player)
                  000029a6    00000016     ST7735.o (.rodata.str1.14736978382213673245.1)
                  000029bc    0000000d     ST7735.o (.rodata._ZL10Rcmd2green)
                  000029c9    0000000d     ST7735.o (.rodata._ZL8Rcmd2red)
                  000029d6    0000000c     Lab9HMain.o (.rodata._ZL8platform)
                  000029e2    00000008     ST7735.o (.rodata.str1.7209918599617305731.1)
                  000029ea    00000007     ST7735.o (.rodata.str1.10208736415454880443.1)
                  000029f1    00000007     ST7735.o (.rodata.str1.8723687351022562626.1)
                  000029f8    00000002     ST7735.o (.rodata.str1.18358205720993799461.1)
                  000029fa    00000006     --HOLE-- [fill = 0]

.init_array 
*          0    00002a00    00000008     
                  00002a00    00000004     Lab9HMain.o (.init_array)
                  00002a04    00000004     --HOLE-- [fill = 0]

.sysmem    0    20200000    00000200     UNINITIALIZED
                  20200000    00000010     libc.a : memory.c.obj (.sysmem)
                  20200010    000001f0     --HOLE--

.data      0    20200200    000001fd     UNINITIALIZED
                  20200200    000000f0     libc.a : defs.c.obj (.data._ftable)
                  202002f0    00000078     libsysbm.a : host_device.c.obj (.data._device)
                  20200368    00000050                : host_device.c.obj (.data._stream)
                  202003b8    00000014     Lab9HMain.o (.data.Sensor)
                  202003cc    00000008     libc.a : exit.c.obj (.data..L_MergedGlobals)
                  202003d4    00000004     Clock.o (.data.BusFreq)
                  202003d8    00000004     ST7735.o (.data.StX)
                  202003dc    00000004     ST7735.o (.data.StY)
                  202003e0    00000004     libc.a : defs.c.obj (.data.__TI_ft_end)
                  202003e4    00000004            : _lock.c.obj (.data._lock)
                  202003e8    00000004            : _lock.c.obj (.data._unlock)
                  202003ec    00000002     ST7735.o (.data.StTextColor)
                  202003ee    00000002     ST7735.o (.data._ZL6_width)
                  202003f0    00000002     ST7735.o (.data._ZL7_height)
                  202003f2    00000002     --HOLE--
                  202003f4    00000001     libsysbm.a : add_device.c.obj (.data.add_device.device_init)
                  202003f5    00000003     --HOLE--
                  202003f8    00000001     libc.a : memory.c.obj (.data.memory_is_initialized)
                  202003f9    00000003     --HOLE--
                  202003fc    00000001     libsysbm.a : open.c.obj (.data.open.stream_init)

.bss       0    20200400    000001d7     UNINITIALIZED
                  20200400    00000120     libsysbm.a : trgmsg.c.obj (.bss:_CIOBUF_)
                  20200520    000000a0     libc.a : defs.c.obj (.bss.__TI_tmpnams)
                  202005c0    00000008     libsysbm.a : hostopen.c.obj (.bss.parmbuf)
                  202005c8    00000004     TExaS.o (.bss.TExaSLogic)
                  202005cc    00000004     TExaS.o (.bss.TExaSadc)
                  202005d0    00000004     libc.a : memory.c.obj (.bss.sys_free)
                  202005d4    00000001     ST7735.o (.bss._ZL8ColStart)
                  202005d5    00000001     ST7735.o (.bss._ZL8RowStart)
                  202005d6    00000001     ST7735.o (.bss._ZL8TabColor)

.stack     0    20207e00    00000200     UNINITIALIZED
                  20207e00    00000004     libc.a : boot_cortex_m.c.obj (.stack)
                  20207e04    000001fc     --HOLE--

__llvm_prf_cnts 
*          0    20200000    00000000     UNINITIALIZED

__llvm_prf_bits 
*          0    20200000    00000000     UNINITIALIZED

MODULE SUMMARY

       Module                         code   ro data   rw data
       ------                         ----   -------   -------
    .\
       ST7735.o                       2602   1449      17     
       SmallFont.o                    384    660       0      
       Clock.o                        516    0         4      
       SPI.o                          440    0         0      
       Lab9HMain.o                    198    48        20     
       LaunchPad.o                    180    0         0      
       SlidePot.o                     156    0         0      
       TExaS.o                        64     0         8      
       Sound.o                        2      0         0      
    +--+------------------------------+------+---------+---------+
       Total:                         4542   2157      49     
                                                              
    .\ticlang\
       startup_mspm0g3507_ticlang.o   60     192       0      
    +--+------------------------------+------+---------+---------+
       Total:                         60     192       0      
                                                              
    C:\ti\ccs2040\ccs\tools\compiler\ti-cgt-armllvm_4.0.4.LTS\lib\armv6m-ti-none-eabi/c/libc.a
       memory.c.obj                   702    0         5      
       fopen.c.obj                    556    0         0      
       defs.c.obj                     0      0         404    
       setvbuf.c.obj                  224    0         0      
       getdevice.c.obj                160    0         0      
       strcmp-armv6m.S.obj            136    0         0      
       copy_decompress_lzss.c.obj     124    0         0      
       fclose.c.obj                   124    0         0      
       autoinit.c.obj                 84     0         0      
       fflush.c.obj                   82     0         0      
       exit.c.obj                     58     0         8      
       boot_cortex_m.c.obj            40     0         0      
       copy_zero_init.c.obj           22     0         0      
       copy_decompress_none.c.obj     18     0         0      
       memcpy16.S.obj                 18     0         0      
       memset16.S.obj                 14     0         0      
       _lock.c.obj                    2      0         8      
       pre_init.c.obj                 4      0         0      
    +--+------------------------------+------+---------+---------+
       Total:                         2368   0         425    
                                                              
    C:\ti\ccs2040\ccs\tools\compiler\ti-cgt-armllvm_4.0.4.LTS\lib\armv6m-ti-none-eabi/c/libsysbm.a
       trgmsg.c.obj                   104    0         288    
       add_device.c.obj               236    0         1      
       host_device.c.obj              0      0         200    
       open.c.obj                     160    0         1      
       hostrename.c.obj               136    0         0      
       hostlseek.c.obj                108    0         0      
       hostopen.c.obj                 96     0         8      
       hostread.c.obj                 88     0         0      
       hostwrite.c.obj                88     0         0      
       close.c.obj                    80     0         0      
       hostclose.c.obj                72     0         0      
       hostunlink.c.obj               72     0         0      
       unlink.c.obj                   44     0         0      
       write.c.obj                    40     0         0      
       remove.c.obj                   8      0         0      
       hostexit.c.obj                 4      0         0      
    +--+------------------------------+------+---------+---------+
       Total:                         1336   0         498    
                                                              
    C:\ti\ccs2040\ccs\tools\compiler\ti-cgt-armllvm_4.0.4.LTS\lib\armv6m-ti-none-eabi/libclang_rt.builtins.a
       aeabi_uidivmod.S.obj           64     0         0      
       aeabi_memset.S.obj             12     0         0      
       aeabi_memcpy.S.obj             8      0         0      
       aeabi_div0.c.obj               2      0         0      
    +--+------------------------------+------+---------+---------+
       Total:                         86     0         0      
                                                              
       Heap:                          0      0         512    
       Stack:                         0      0         512    
       Linker Generated:              0      142       0      
    +--+------------------------------+------+---------+---------+
       Grand Total:                   8392   2491      1996   


LINKER GENERATED COPY TABLES

__TI_cinit_table @ 00002a88 records: 2, size/record: 8, table size: 16
	.data: load addr=00002a08, load size=0000006a bytes, run addr=20200200, run size=000001fd bytes, compression=lzss
	.bss: load addr=00002a80, load size=00000008 bytes, run addr=20200400, run size=000001d7 bytes, compression=zero_init


LINKER GENERATED HANDLER TABLE

__TI_handler_table @ 00002a74 records: 3, size/record: 4, table size: 12
	index: 0, handler: __TI_decompress_lzss
	index: 1, handler: __TI_decompress_none
	index: 2, handler: __TI_zero_init


GLOBAL SYMBOLS: SORTED ALPHABETICALLY BY Name 

address   name                             
-------   ----                             
00001ff5  ADC0_IRQHandler                  
00001ff5  ADC1_IRQHandler                  
00001ff5  AES_IRQHandler                   
202003d4  BusFreq                          
0000217e  C$$EXIT                          
00001db9  C$$IO$$                          
00001ff5  CANFD0_IRQHandler                
00001ff5  DAC0_IRQHandler                  
00001ff5  DMA_IRQHandler                   
00001ff5  Default_Handler                  
00001ff5  GROUP0_IRQHandler                
00001ff5  GROUP1_IRQHandler                
00001a41  HOSTclose                        
0000217f  HOSTexit                         
00001691  HOSTlseek                        
00001839  HOSTopen                         
00001899  HOSTread                         
000016fd  HOSTrename                       
00001a89  HOSTunlink                       
000018f1  HOSTwrite                        
00002011  HardFault_Handler                
00001ff5  I2C0_IRQHandler                  
00001ff5  I2C1_IRQHandler                  
00001ff5  NMI_Handler                      
00001ff5  PendSV_Handler                   
00001ff5  RTC_IRQHandler                   
00002183  Reset_Handler                    
00002a00  SHT$$INIT_ARRAY$$Base            
00002a04  SHT$$INIT_ARRAY$$Limit           
00001ff5  SPI0_IRQHandler                  
00001ff5  SPI1_IRQHandler                  
00001ff5  SVC_Handler                      
202003b8  Sensor                           
202003ec  StTextColor                      
202003d8  StX                              
202003dc  StY                              
00001043  SysTick_Handler                  
202005c8  TExaSLogic                       
202005cc  TExaSadc                         
00001ff5  TIMA0_IRQHandler                 
00001ff5  TIMA1_IRQHandler                 
00001ff5  TIMG0_IRQHandler                 
00001f15  TIMG12_IRQHandler                
00001ff5  TIMG6_IRQHandler                 
00001b19  TIMG7_IRQHandler                 
00001ff5  TIMG8_IRQHandler                 
000020a3  TI_memcpy_small                  
0000210f  TI_memset_small                  
00001ff5  UART0_IRQHandler                 
00001ff5  UART1_IRQHandler                 
00001ff5  UART2_IRQHandler                 
00001ff5  UART3_IRQHandler                 
20200400  _CIOBUF_                         
000012a5  _Z10Clock_Freqv                  
000020c7  _Z11Clock_Delayj                 
00001c19  _Z11SPI_OutDatac                 
00002061  _Z11ST7735_openPKcji             
00002077  _Z11ST7735_readiPcj              
00001185  _Z12ST7735_InitR10initRFlags     
00002141  _Z12ST7735_closei                
000020e5  _Z12ST7735_lseekili              
00001c89  _Z12ST7735_writeiPKcj            
0000211d  _Z13ST7735_renamePKcS0_          
0000214b  _Z13ST7735_unlinkPKc             
00001cbd  _Z14Clock_Delay1msj              
000013bd  _Z14LaunchPad_Initv              
00001ad1  _Z14SPI_OutCommandc              
00000ed1  _Z14ST7735_OutCharc              
00001c51  _Z15ActivatePortA_Bv             
000002d1  _Z15Clock_Init80MHzi             
000008f9  _Z15ST7735_FillRectsssst         
00000485  _Z16ST7735_DrawCharSsscssh       
00001621  _Z16ST7735_DrawPixelsst          
00001cf1  _Z16ST7735_SetCursorjj           
000000c1  _Z17ST7735_DrawBitmapssPKtss     
00001339  _Z17ST7735_DrawStringttPcs       
00001ebd  _Z17ST7735_FillScreent           
00001045  _Z17ST7735_InitPrintf10initRFlags
00000625  _Z21SmallFont_OutVerticaljss     
00002155  _Z8PLL_Initv                     
00000b25  _Z8SPI_Initv                     
00001b59  _Z9SPI_Resetv                    
00001439  _ZN8SlidePot4InitEv              
00001fb5  _ZN8SlidePotC1Ejj                
00001fb5  _ZN8SlidePotC2Ejj                
20200400  __CIOBUF_                        
20208000  __STACK_END                      
00000200  __STACK_SIZE                     
00000200  __SYSMEM_SIZE                    
00000000  __TI_ATRegion0_region_sz         
00000000  __TI_ATRegion0_src_addr          
00000000  __TI_ATRegion0_trg_addr          
00000000  __TI_ATRegion1_region_sz         
00000000  __TI_ATRegion1_src_addr          
00000000  __TI_ATRegion1_trg_addr          
00000000  __TI_ATRegion2_region_sz         
00000000  __TI_ATRegion2_src_addr          
00000000  __TI_ATRegion2_trg_addr          
00002a88  __TI_CINIT_Base                  
00002a98  __TI_CINIT_Limit                 
00002a98  __TI_CINIT_Warm                  
00002a74  __TI_Handler_Table_Base          
00002a80  __TI_Handler_Table_Limit         
00001949  __TI_auto_init_nobinit           
00001d25  __TI_cleanup                     
202003cc  __TI_cleanup_ptr                 
000014b5  __TI_closefile                   
00001531  __TI_decompress_lzss             
000020b5  __TI_decompress_none             
0000199d  __TI_doflush                     
202003d0  __TI_dtors_ptr                   
202003e0  __TI_ft_end                      
ffffffff  __TI_pprof_out_hndl              
ffffffff  __TI_prof_data_size              
ffffffff  __TI_prof_data_start             
00001d59  __TI_readmsg                     
00000000  __TI_static_base__               
20200520  __TI_tmpnams                     
00001d8d  __TI_writemsg                    
0000208d  __TI_zero_init_nomemset          
000019ef  __aeabi_idiv0                    
00002129  __aeabi_memclr                   
00002129  __aeabi_memclr4                  
00002129  __aeabi_memclr8                  
00002169  __aeabi_memcpy                   
00002169  __aeabi_memcpy4                  
00002169  __aeabi_memcpy8                  
00001b99  __aeabi_uidiv                    
00001b99  __aeabi_uidivmod                 
ffffffff  __binit__                        
UNDEFED   __mpu_init                       
20207e00  __stack                          
20200000  __start___llvm_prf_bits          
20200000  __start___llvm_prf_cnts          
20200000  __stop___llvm_prf_bits           
20200000  __stop___llvm_prf_cnts           
00001f8d  _c_int00_noargs                  
202002f0  _device                          
20200200  _ftable                          
202003e4  _lock                            
00001ff3  _nop                             
20200368  _stream                          
20200000  _sys_memory                      
UNDEFED   _system_post_cinit               
00002187  _system_pre_init                 
202003e8  _unlock                          
00002179  abort                            
00000c1d  add_device                       
00000a11  aligned_alloc                    
ffffffff  binit                            
000019f1  close                            
00001dc1  exit                             
00001df5  finddevice                       
00001e8d  fopen                            
00000d09  free                             
00001e29  freopen                          
00001769  getdevice                        
00000000  interruptVectors                 
000015ad  main                             
00002135  malloc                           
00000a11  memalign                         
000010e5  open                             
202005c0  parmbuf                          
00002171  remove                           
00000df1  setvbuf                          
000012b1  strcmp                           
00001ee9  unlink                           
00001f65  write                            


GLOBAL SYMBOLS: SORTED BY Symbol Address 

address   name                             
-------   ----                             
00000000  __TI_ATRegion0_region_sz         
00000000  __TI_ATRegion0_src_addr          
00000000  __TI_ATRegion0_trg_addr          
00000000  __TI_ATRegion1_region_sz         
00000000  __TI_ATRegion1_src_addr          
00000000  __TI_ATRegion1_trg_addr          
00000000  __TI_ATRegion2_region_sz         
00000000  __TI_ATRegion2_src_addr          
00000000  __TI_ATRegion2_trg_addr          
00000000  __TI_static_base__               
00000000  interruptVectors                 
000000c1  _Z17ST7735_DrawBitmapssPKtss     
00000200  __STACK_SIZE                     
00000200  __SYSMEM_SIZE                    
000002d1  _Z15Clock_Init80MHzi             
00000485  _Z16ST7735_DrawCharSsscssh       
00000625  _Z21SmallFont_OutVerticaljss     
000008f9  _Z15ST7735_FillRectsssst         
00000a11  aligned_alloc                    
00000a11  memalign                         
00000b25  _Z8SPI_Initv                     
00000c1d  add_device                       
00000d09  free                             
00000df1  setvbuf                          
00000ed1  _Z14ST7735_OutCharc              
00001043  SysTick_Handler                  
00001045  _Z17ST7735_InitPrintf10initRFlags
000010e5  open                             
00001185  _Z12ST7735_InitR10initRFlags     
000012a5  _Z10Clock_Freqv                  
000012b1  strcmp                           
00001339  _Z17ST7735_DrawStringttPcs       
000013bd  _Z14LaunchPad_Initv              
00001439  _ZN8SlidePot4InitEv              
000014b5  __TI_closefile                   
00001531  __TI_decompress_lzss             
000015ad  main                             
00001621  _Z16ST7735_DrawPixelsst          
00001691  HOSTlseek                        
000016fd  HOSTrename                       
00001769  getdevice                        
00001839  HOSTopen                         
00001899  HOSTread                         
000018f1  HOSTwrite                        
00001949  __TI_auto_init_nobinit           
0000199d  __TI_doflush                     
000019ef  __aeabi_idiv0                    
000019f1  close                            
00001a41  HOSTclose                        
00001a89  HOSTunlink                       
00001ad1  _Z14SPI_OutCommandc              
00001b19  TIMG7_IRQHandler                 
00001b59  _Z9SPI_Resetv                    
00001b99  __aeabi_uidiv                    
00001b99  __aeabi_uidivmod                 
00001c19  _Z11SPI_OutDatac                 
00001c51  _Z15ActivatePortA_Bv             
00001c89  _Z12ST7735_writeiPKcj            
00001cbd  _Z14Clock_Delay1msj              
00001cf1  _Z16ST7735_SetCursorjj           
00001d25  __TI_cleanup                     
00001d59  __TI_readmsg                     
00001d8d  __TI_writemsg                    
00001db9  C$$IO$$                          
00001dc1  exit                             
00001df5  finddevice                       
00001e29  freopen                          
00001e8d  fopen                            
00001ebd  _Z17ST7735_FillScreent           
00001ee9  unlink                           
00001f15  TIMG12_IRQHandler                
00001f65  write                            
00001f8d  _c_int00_noargs                  
00001fb5  _ZN8SlidePotC1Ejj                
00001fb5  _ZN8SlidePotC2Ejj                
00001ff3  _nop                             
00001ff5  ADC0_IRQHandler                  
00001ff5  ADC1_IRQHandler                  
00001ff5  AES_IRQHandler                   
00001ff5  CANFD0_IRQHandler                
00001ff5  DAC0_IRQHandler                  
00001ff5  DMA_IRQHandler                   
00001ff5  Default_Handler                  
00001ff5  GROUP0_IRQHandler                
00001ff5  GROUP1_IRQHandler                
00001ff5  I2C0_IRQHandler                  
00001ff5  I2C1_IRQHandler                  
00001ff5  NMI_Handler                      
00001ff5  PendSV_Handler                   
00001ff5  RTC_IRQHandler                   
00001ff5  SPI0_IRQHandler                  
00001ff5  SPI1_IRQHandler                  
00001ff5  SVC_Handler                      
00001ff5  TIMA0_IRQHandler                 
00001ff5  TIMA1_IRQHandler                 
00001ff5  TIMG0_IRQHandler                 
00001ff5  TIMG6_IRQHandler                 
00001ff5  TIMG8_IRQHandler                 
00001ff5  UART0_IRQHandler                 
00001ff5  UART1_IRQHandler                 
00001ff5  UART2_IRQHandler                 
00001ff5  UART3_IRQHandler                 
00002011  HardFault_Handler                
00002061  _Z11ST7735_openPKcji             
00002077  _Z11ST7735_readiPcj              
0000208d  __TI_zero_init_nomemset          
000020a3  TI_memcpy_small                  
000020b5  __TI_decompress_none             
000020c7  _Z11Clock_Delayj                 
000020e5  _Z12ST7735_lseekili              
0000210f  TI_memset_small                  
0000211d  _Z13ST7735_renamePKcS0_          
00002129  __aeabi_memclr                   
00002129  __aeabi_memclr4                  
00002129  __aeabi_memclr8                  
00002135  malloc                           
00002141  _Z12ST7735_closei                
0000214b  _Z13ST7735_unlinkPKc             
00002155  _Z8PLL_Initv                     
00002169  __aeabi_memcpy                   
00002169  __aeabi_memcpy4                  
00002169  __aeabi_memcpy8                  
00002171  remove                           
00002179  abort                            
0000217e  C$$EXIT                          
0000217f  HOSTexit                         
00002183  Reset_Handler                    
00002187  _system_pre_init                 
00002a00  SHT$$INIT_ARRAY$$Base            
00002a04  SHT$$INIT_ARRAY$$Limit           
00002a74  __TI_Handler_Table_Base          
00002a80  __TI_Handler_Table_Limit         
00002a88  __TI_CINIT_Base                  
00002a98  __TI_CINIT_Limit                 
00002a98  __TI_CINIT_Warm                  
20200000  __start___llvm_prf_bits          
20200000  __start___llvm_prf_cnts          
20200000  __stop___llvm_prf_bits           
20200000  __stop___llvm_prf_cnts           
20200000  _sys_memory                      
20200200  _ftable                          
202002f0  _device                          
20200368  _stream                          
202003b8  Sensor                           
202003cc  __TI_cleanup_ptr                 
202003d0  __TI_dtors_ptr                   
202003d4  BusFreq                          
202003d8  StX                              
202003dc  StY                              
202003e0  __TI_ft_end                      
202003e4  _lock                            
202003e8  _unlock                          
202003ec  StTextColor                      
20200400  _CIOBUF_                         
20200400  __CIOBUF_                        
20200520  __TI_tmpnams                     
202005c0  parmbuf                          
202005c8  TExaSLogic                       
202005cc  TExaSadc                         
20207e00  __stack                          
20208000  __STACK_END                      
ffffffff  __TI_pprof_out_hndl              
ffffffff  __TI_prof_data_size              
ffffffff  __TI_prof_data_start             
ffffffff  __binit__                        
ffffffff  binit                            
UNDEFED   __mpu_init                       
UNDEFED   _system_post_cinit               

[168 symbols]
